[backblue.gif]
[fade.gif]
[index.html]
[cdnjs.cloudflare.com/ajax/libs/font-awesome/3.2.1/css/font-awesome.min.css]
[cdnjs.cloudflare.com/ajax/libs/toastr.js/latest/js/toastr.min.js]
[cdnjs.cloudflare.com/ajax/libs/toastr.js/latest/css/toastr.min.css]
[use.fontawesome.com/releases/v5.2.0/css/all.css]
[eventify.ng/assets/images/logo.png]
[eventify.ng/assets/js/modernizr.js]
[eventify.ng/assets/images/image1.png]
[eventify.ng/assets/images/category/event_m.jpg]
[eventify.ng/assets/images/category/dj.jpg]
[eventify.ng/assets/images/category/caterer.jpg]
[eventify.ng/assets/images/category/mc.jpg]
[eventify.ng/assets/images/category/photo.jpg]
[eventify.ng/assets/images/category/cake.jpg]
[eventify.ng/assets/images/category/makeup.jpg]
[eventify.ng/assets/images/category/venue.jpg]
[app.eventify.ng/assets/img/cover/def_cover.png]
[app.eventify.ng/assets/img/vendor_pfpic/u.gif]
[app.eventify.ng/assets/img/vendor_pfpic/t.gif]
[app.eventify.ng/assets/img/vendor_pfpic/f.gif]
[app.eventify.ng/assets/img/vendor_pfpic/s.gif]
[app.eventify.ng/assets/img/vendor_pfpic/l.gif]
[app.eventify.ng/assets/img/vendor_pfpic/e.gif]
[app.eventify.ng/assets/img/vendor_pfpic/p.gif]
[app.eventify.ng/assets/img/vendor_pfpic/b.gif]
[app.eventify.ng/assets/img/vendor_pfpic/d.gif]
[app.eventify.ng/assets/img/vendor_pfpic/w.gif]
[app.eventify.ng/assets/img/vendor_pfpic/6c8ee835d1db20d0d199dd2eed9f3293.png]
[app.eventify.ng/assets/img/vendor_pfpic/ef4dc20b80157ba6fa24c8be1c915e74.jpg]
[app.eventify.ng/assets/img/vendor_pfpic/a.gif]
[app.eventify.ng/assets/img/vendor_pfpic/17580ac497fa77e13a4efd33b8038c6c.jpg]
[app.eventify.ng/assets/img/vendor_pfpic/3b1287c4f893012acf45c3ff9a9d12ce.jpg]
[app.eventify.ng/assets/img/vendor_pfpic/k.gif]
[eventify.ng/assets/js/jquery-1.12.4.min.js]
[eventify.ng/assets/js/typed.min.js]
[eventify.ng/assets/js/text-typed.js]
[cdnjs.cloudflare.com/ajax/libs/popper.js/1.12.9/umd/popper.min.js]
[eventify.ng/assets/js/bootstrap.min.js]
[eventify.ng/assets/js/jquery.easing.js]
[eventify.ng/assets/js/wow.min.js]
[eventify.ng/assets/js/owl.carousel.min.js]
[eventify.ng/assets/js/magnific-popup.min.js]
[eventify.ng/assets/js/jquery.scrollUp.min.js]
[eventify.ng/assets/js/jquery.ajaxchimp.min.js]
[eventify.ng/assets/js/venobox.min.js]
[eventify.ng/assets/js/main.js]
[eventify.ng/assets/js/shapes.js]
[eventify.ng/assets/toastr/build/toastr.min.js]
[eventify.ng/index.html]
[cdnjs.cloudflare.com/ajax/libs/font-awesome/3.2.1/css/font-awesome.min.css]
[cdnjs.cloudflare.com/ajax/libs/toastr.js/latest/css/toastr.min.css]
[eventify.ng/assets/css/bootstrap.min.css]
[cdnjs.cloudflare.com/ajax/libs/bootstrap-datepicker/1.6.4/js/bootstrap-datepicker.js]
[eventify.ng/assets/fonts/ElegantIcons.eot]
[cdnjs.cloudflare.com/ajax/libs/jquery/2.1.1/jquery.min.js]
[eventify.ng/assets/fonts/ElegantIconsd41dd41d.eot]
[eventify.ng/assets/fonts/ElegantIcons.woff]
[eventify.ng/assets/fonts/ElegantIcons.ttf]
[eventify.ng/assets/css/elegant-icons.css]
[eventify.ng/assets/css/animate.css]
[eventify.ng/assets/css/owl.carousel.min.css]
[eventify.ng/assets/css/owl.theme.default.min.css]
[eventify.ng/assets/css/carousel.css]
[use.fontawesome.com/releases/v5.2.0/css/all.css]
[eventify.ng/assets/css/venobox.css]
[eventify.ng/assets/css/magnific-popup.css]
[eventify.ng/assets/images/portfolio-img.jpg]
[eventify.ng/assets/images/blog-bg.jpg]
[eventify.ng/dashboard/assets/img/pf_def/def_cover.png]
[eventify.ng/assets/css/style.css]
[eventify.ng/assets/css/responsive.css]
[eventify.ng/assets/toastr/build/toastr.min.css]
[eventify.ng/about.html]
[eventify.ng/how-it-works.html]
[eventify.ng/blog.html]
[eventify.ng/assets/images/browser.svg]
[eventify.ng/assets/images/startup.svg]
[eventify.ng/assets/images/bag.svg]
[eventify.ng/assets/images/category/cake-2.jpg]
[eventify.ng/Unique123.html]
[eventify.ng/Tyra_cakes.html]
[eventify.ng/fabz.html]
[eventify.ng/Swiftthrillevents.html]
[eventify.ng/Asaph.html]
[eventify.ng/Lauraade.html]
[eventify.ng/Worldsbest89.html]
[eventify.ng/Boluwatife.html]
[eventify.ng/philipeze9.html]
[eventify.ng/Wajistudio.html]
[eventify.ng/olaitantosin.html]
[eventify.ng/Funkified.html]
[eventify.ng/Amazingushers.html]
[eventify.ng/jossy.html]
[eventify.ng/hirahs_makeover.html]
[eventify.ng/kanute.html]
[eventify.ng/vendor.html]
[eventify.ng/assets/fonts/ElegantIcons.svg]
[eventify.ng/assets/css/owl.video.play.html]
[eventify.ng/assets/images/chat.svg]
[eventify.ng/assets/images/brain.svg]
[eventify.ng/assets/images/like.svg]
[eventify.ng/assets/images/magic-wand.svg]
[eventify.ng/assets/images/group.svg]
[eventify.ng/assets/images/megaphone.svg]
[eventify.ng/blog/something-happened.html]
[eventify.ng/vendor/index/8.html]
[eventify.ng/vendor/index/16.html]
[app.eventify.ngassets/login/images/logo.png]
[eventify.ng/blog/assets/images/logo.html]
[eventify.ng/vendor/index/index.html]
[eventify.ng/vendor/index/assets/images/logo.html]
[eventify.ng/vendor/index/assets/images/assets/images/logo.html]
[eventify.ng/vendor/index/assets/images/assets/images/assets/images/logo.png]
[eventify.ng/vendor/index/assets/images/assets/images/assets/images/assets/images/logo.html]
[eventify.ng/vendor/index/assets/images/assets/images/assets/images/assets/images/assets/images/logo.png]
[eventify.ng/vendor/index/assets/images/assets/images/assets/images/assets/images/assets/images/assets/images/logo.html]
[eventify.ng/vendor/index/assets/images/assets/images/assets/images/assets/images/assets/images/assets/images/assets/images/logo.html]
[eventify.ng/vendor/index/assets/images/assets/images/assets/images/assets/images/assets/images/assets/images/assets/images/assets/images/logo.html]
[eventify.ng/vendor/index/assets/images/assets/images/assets/images/assets/images/assets/images/assets/images/assets/images/assets/images/assets/images/logo.html]
[eventify.ng/vendor/index/assets/images/assets/images/assets/images/assets/images/assets/images/assets/images/assets/images/assets/images/assets/images/assets/images/logo.html]
[eventify.ng/vendor/index/assets/images/assets/images/assets/images/assets/images/assets/images/assets/images/assets/images/assets/images/assets/images/assets/images/assets/images/logo.html]
[eventify.ng/vendor/index/assets/images/assets/images/assets/images/assets/images/assets/images/assets/images/assets/images/assets/images/assets/images/assets/images/assets/images/assets/i/logo.73.delaye]
[eventify.ng/vendor/index/assets/images/assets/images/assets/images/assets/images/assets/images/assets/images/assets/images/assets/images/assets/images/assets/images/assets/images/assets/i/logo.74.delaye]
[eventify.ng/vendor/index/assets/images/assets/images/assets/images/assets/images/assets/images/assets/images/assets/images/assets/images/assets/images/assets/images/assets/images/assets/i/logo.75.delaye]
[eventify.ng/vendor/index/assets/images/assets/images/assets/images/assets/images/assets/images/assets/images/assets/images/assets/images/assets/images/assets/images/assets/images/assets/i/logo.76.delaye]
[eventify.ng/vendor/index/assets/images/assets/images/assets/images/assets/images/assets/images/assets/images/assets/images/assets/images/assets/images/assets/images/assets/images/assets/i/logo.77.delaye]
[eventify.ng/vendor/index/assets/images/assets/images/assets/images/assets/images/assets/images/assets/images/assets/images/assets/images/assets/images/assets/images/assets/images/assets/i/logo.78.delaye]
[eventify.ng/vendor/index/assets/images/assets/images/assets/images/assets/images/assets/images/assets/images/assets/images/assets/images/assets/images/assets/images/assets/images/assets/i/logo.79.delaye]
[eventify.ng/vendor/index/assets/images/assets/images/assets/images/assets/images/assets/images/assets/images/assets/images/assets/images/assets/images/assets/images/assets/images/assets/i/logo.7a.delaye]
[eventify.ng/vendor/index/assets/images/assets/images/assets/images/assets/images/assets/images/assets/images/assets/images/assets/images/assets/images/assets/images/assets/images/assets/i/logo.7b.delaye]
[eventify.ng/vendor/index/assets/images/assets/images/assets/images/assets/images/assets/images/assets/images/assets/images/assets/images/assets/images/assets/images/assets/images/assets/i/logo.7c.delaye]
[eventify.ng/vendor/index/assets/images/assets/images/assets/images/assets/images/assets/images/assets/images/assets/images/assets/images/assets/images/assets/images/assets/images/assets/i/logo.7d.delaye]
[eventify.ng/vendor/index/assets/images/assets/images/assets/images/assets/images/assets/images/assets/images/assets/images/assets/images/assets/images/assets/images/assets/images/assets/i/logo.7e.delaye]
[eventify.ng/vendor/index/assets/images/assets/images/assets/images/assets/images/assets/images/assets/images/assets/images/assets/images/assets/images/assets/images/assets/images/assets/i/logo.7f.delaye]
[eventify.ng/vendor/index/assets/images/assets/images/assets/images/assets/images/assets/images/assets/images/assets/images/assets/images/assets/images/assets/images/assets/images/assets/i/logo.80.delaye]
[eventify.ng/vendor/index/assets/images/assets/images/assets/images/assets/images/assets/images/assets/images/assets/images/assets/images/assets/images/assets/images/assets/images/assets/i/logo.81.delaye]
[eventify.ng/vendor/index/assets/images/assets/images/assets/images/assets/images/assets/images/assets/images/assets/images/assets/images/assets/images/assets/images/assets/images/assets/i/logo.82.delaye]
[eventify.ng/vendor/index/assets/images/assets/images/assets/images/assets/images/assets/images/assets/images/assets/images/assets/images/assets/images/assets/images/assets/images/assets/i/logo.83.delaye]
[eventify.ng/vendor/index/assets/images/assets/images/assets/images/assets/images/assets/images/assets/images/assets/images/assets/images/assets/images/assets/images/assets/images/assets/i/logo.84.delaye]
[eventify.ng/vendor/index/assets/images/assets/images/assets/images/assets/images/assets/images/assets/images/assets/images/assets/images/assets/images/assets/images/assets/images/assets/i/logo.85.delaye]
[eventify.ng/vendor/index/assets/images/assets/images/assets/images/assets/images/assets/images/assets/images/assets/images/assets/images/assets/images/assets/images/assets/images/assets/i/logo.86.delaye]
[eventify.ng/vendor/index/assets/images/assets/images/assets/images/assets/images/assets/images/assets/images/assets/images/assets/images/assets/images/assets/images/assets/images/assets/i/logo.87.delaye]
[eventify.ng/vendor/index/assets/images/assets/images/assets/images/assets/images/assets/images/assets/images/assets/images/assets/images/assets/images/assets/images/assets/images/assets/i/logo.88.delaye]
[eventify.ng/vendor/index/assets/images/assets/images/assets/images/assets/images/assets/images/assets/images/assets/images/assets/images/assets/images/assets/images/assets/images/assets/i/logo.89.delaye]
[eventify.ng/vendor/index/assets/images/assets/images/assets/images/assets/images/assets/images/assets/images/assets/images/assets/images/assets/images/assets/images/assets/images/assets/i/logo.8a.delaye]
[eventify.ng/vendor/index/assets/images/assets/images/assets/images/assets/images/assets/images/assets/images/assets/images/assets/images/assets/images/assets/images/assets/images/assets/i/logo.8b.delaye]
[eventify.ng/vendor/index/assets/images/assets/images/assets/images/assets/images/assets/images/assets/images/assets/images/assets/images/assets/images/assets/images/assets/images/assets/i/logo.8c.delaye]
[eventify.ng/vendor/index/assets/images/assets/images/assets/images/assets/images/assets/images/assets/images/assets/images/assets/images/assets/images/assets/images/assets/images/assets/i/logo.8d.delaye]
[eventify.ng/vendor/index/assets/images/assets/images/assets/images/assets/images/assets/images/assets/images/assets/images/assets/images/assets/images/assets/images/assets/images/assets/i/logo.8e.delaye]
[eventify.ng/vendor/index/assets/images/assets/images/assets/images/assets/images/assets/images/assets/images/assets/images/assets/images/assets/images/assets/images/assets/images/assets/i/logo.8f.delaye]
[eventify.ng/vendor/index/assets/images/assets/images/assets/images/assets/images/assets/images/assets/images/assets/images/assets/images/assets/images/assets/images/assets/images/assets/i/logo.90.delaye]
[eventify.ng/vendor/index/assets/images/assets/images/assets/images/assets/images/assets/images/assets/images/assets/images/assets/images/assets/images/assets/images/assets/images/assets/i/logo.91.delaye]
[eventify.ng/vendor/index/assets/images/assets/images/assets/images/assets/images/assets/images/assets/images/assets/images/assets/images/assets/images/assets/images/assets/images/assets/i/logo.92.delaye]
[eventify.ng/vendor/index/assets/images/assets/images/assets/images/assets/images/assets/images/assets/images/assets/images/assets/images/assets/images/assets/images/assets/images/assets/i/logo.93.delaye]
[eventify.ng/vendor/index/assets/images/assets/images/assets/images/assets/images/assets/images/assets/images/assets/images/assets/images/assets/images/assets/images/assets/images/assets/i/logo.94.delaye]
[eventify.ng/vendor/index/assets/images/assets/images/assets/images/assets/images/assets/images/assets/images/assets/images/assets/images/assets/images/assets/images/assets/images/assets/i/logo.95.delaye]
[eventify.ng/vendor/index/assets/images/assets/images/assets/images/assets/images/assets/images/assets/images/assets/images/assets/images/assets/images/assets/images/assets/images/assets/i/logo.96.delaye]
[eventify.ng/vendor/index/assets/images/assets/images/assets/images/assets/images/assets/images/assets/images/assets/images/assets/images/assets/images/assets/images/assets/images/assets/i/logo.97.delaye]
[eventify.ng/vendor/index/assets/images/assets/images/assets/images/assets/images/assets/images/assets/images/assets/images/assets/images/assets/images/assets/images/assets/images/assets/i/logo.98.delaye]
[eventify.ng/vendor/index/assets/images/assets/images/assets/images/assets/images/assets/images/assets/images/assets/images/assets/images/assets/images/assets/images/assets/images/assets/i/logo.99.delaye]
[eventify.ng/vendor/index/assets/images/assets/images/assets/images/assets/images/assets/images/assets/images/assets/images/assets/images/assets/images/assets/images/assets/images/assets/i/logo.9a.delaye]
[eventify.ng/vendor/index/assets/images/assets/images/assets/images/assets/images/assets/images/assets/images/assets/images/assets/images/assets/images/assets/images/assets/images/assets/i/logo.9b.delaye]
[eventify.ng/vendor/index/assets/images/assets/images/assets/images/assets/images/assets/images/assets/images/assets/images/assets/images/assets/images/assets/images/assets/images/assets/i/logo.9c.delaye]
[eventify.ng/vendor/index/assets/images/assets/images/assets/images/assets/images/assets/images/assets/images/assets/images/assets/images/assets/images/assets/images/assets/images/assets/i/logo.9d.delaye]
[eventify.ng/vendor/index/assets/images/assets/images/assets/images/assets/images/assets/images/assets/images/assets/images/assets/images/assets/images/assets/images/assets/images/assets/i/logo.9e.delaye]
[eventify.ng/vendor/index/assets/images/assets/images/assets/images/assets/images/assets/images/assets/images/assets/images/assets/images/assets/images/assets/images/assets/images/assets/i/logo.9f.delaye]
[eventify.ng/vendor/index/assets/images/assets/images/assets/images/assets/images/assets/images/assets/images/assets/images/assets/images/assets/images/assets/images/assets/images/assets/i/logo.a0.delaye]
[eventify.ng/vendor/index/assets/images/assets/images/assets/images/assets/images/assets/images/assets/images/assets/images/assets/images/assets/images/assets/images/assets/images/assets/i/logo.a1.delaye]
[eventify.ng/vendor/index/assets/images/assets/images/assets/images/assets/images/assets/images/assets/images/assets/images/assets/images/assets/images/assets/images/assets/images/assets/i/logo.a2.delaye]
[eventify.ng/vendor/index/assets/images/assets/images/assets/images/assets/images/assets/images/assets/images/assets/images/assets/images/assets/images/assets/images/assets/images/assets/i/logo.a3.delaye]
[eventify.ng/vendor/index/assets/images/assets/images/assets/images/assets/images/assets/images/assets/images/assets/images/assets/images/assets/images/assets/images/assets/images/assets/i/logo.a4.delaye]
